Archive member included because of file (symbol)

/opt/gcc-arm-none-eabi-4_9-2015q3/bin/../lib/gcc/arm-none-eabi/4.9.3/../../../../arm-none-eabi/lib/armv7e-m/softfp/libc.a(lib_a-errno.o)
                              src/syscalls.o (__errno)
/opt/gcc-arm-none-eabi-4_9-2015q3/bin/../lib/gcc/arm-none-eabi/4.9.3/../../../../arm-none-eabi/lib/armv7e-m/softfp/libc.a(lib_a-exit.o)
                              /opt/gcc-arm-none-eabi-4_9-2015q3/bin/../lib/gcc/arm-none-eabi/4.9.3/../../../../arm-none-eabi/lib/armv7e-m/softfp/crt0.o (exit)
/opt/gcc-arm-none-eabi-4_9-2015q3/bin/../lib/gcc/arm-none-eabi/4.9.3/../../../../arm-none-eabi/lib/armv7e-m/softfp/libc.a(lib_a-impure.o)
                              /opt/gcc-arm-none-eabi-4_9-2015q3/bin/../lib/gcc/arm-none-eabi/4.9.3/../../../../arm-none-eabi/lib/armv7e-m/softfp/libc.a(lib_a-exit.o) (_global_impure_ptr)
/opt/gcc-arm-none-eabi-4_9-2015q3/bin/../lib/gcc/arm-none-eabi/4.9.3/../../../../arm-none-eabi/lib/armv7e-m/softfp/libc.a(lib_a-init.o)
                              /opt/gcc-arm-none-eabi-4_9-2015q3/bin/../lib/gcc/arm-none-eabi/4.9.3/../../../../arm-none-eabi/lib/armv7e-m/softfp/crt0.o (__libc_init_array)
/opt/gcc-arm-none-eabi-4_9-2015q3/bin/../lib/gcc/arm-none-eabi/4.9.3/../../../../arm-none-eabi/lib/armv7e-m/softfp/libc.a(lib_a-malloc.o)
                              src/cli/cmd_ps.o (malloc)
/opt/gcc-arm-none-eabi-4_9-2015q3/bin/../lib/gcc/arm-none-eabi/4.9.3/../../../../arm-none-eabi/lib/armv7e-m/softfp/libc.a(lib_a-mallocr.o)
                              /opt/gcc-arm-none-eabi-4_9-2015q3/bin/../lib/gcc/arm-none-eabi/4.9.3/../../../../arm-none-eabi/lib/armv7e-m/softfp/libc.a(lib_a-malloc.o) (_malloc_r)
/opt/gcc-arm-none-eabi-4_9-2015q3/bin/../lib/gcc/arm-none-eabi/4.9.3/../../../../arm-none-eabi/lib/armv7e-m/softfp/libc.a(lib_a-memcpy.o)
                              FreeRTOS/Source/queue.o (memcpy)
/opt/gcc-arm-none-eabi-4_9-2015q3/bin/../lib/gcc/arm-none-eabi/4.9.3/../../../../arm-none-eabi/lib/armv7e-m/softfp/libc.a(lib_a-memset.o)
                              /opt/gcc-arm-none-eabi-4_9-2015q3/bin/../lib/gcc/arm-none-eabi/4.9.3/../../../../arm-none-eabi/lib/armv7e-m/softfp/crt0.o (memset)
/opt/gcc-arm-none-eabi-4_9-2015q3/bin/../lib/gcc/arm-none-eabi/4.9.3/../../../../arm-none-eabi/lib/armv7e-m/softfp/libc.a(lib_a-mlock.o)
                              /opt/gcc-arm-none-eabi-4_9-2015q3/bin/../lib/gcc/arm-none-eabi/4.9.3/../../../../arm-none-eabi/lib/armv7e-m/softfp/libc.a(lib_a-mallocr.o) (__malloc_lock)
/opt/gcc-arm-none-eabi-4_9-2015q3/bin/../lib/gcc/arm-none-eabi/4.9.3/../../../../arm-none-eabi/lib/armv7e-m/softfp/libc.a(lib_a-sbrkr.o)
                              /opt/gcc-arm-none-eabi-4_9-2015q3/bin/../lib/gcc/arm-none-eabi/4.9.3/../../../../arm-none-eabi/lib/armv7e-m/softfp/libc.a(lib_a-mallocr.o) (_sbrk_r)
/opt/gcc-arm-none-eabi-4_9-2015q3/bin/../lib/gcc/arm-none-eabi/4.9.3/../../../../arm-none-eabi/lib/armv7e-m/softfp/libc.a(lib_a-strcasecmp.o)
                              src/cli/cli.o (strcasecmp)
/opt/gcc-arm-none-eabi-4_9-2015q3/bin/../lib/gcc/arm-none-eabi/4.9.3/../../../../arm-none-eabi/lib/armv7e-m/softfp/libc.a(lib_a-strlen.o)
                              util/src/log.o (strlen)
/opt/gcc-arm-none-eabi-4_9-2015q3/bin/../lib/gcc/arm-none-eabi/4.9.3/../../../../arm-none-eabi/lib/armv7e-m/softfp/libc.a(lib_a-vsnprintf.o)
                              util/src/log.o (vsnprintf)
/opt/gcc-arm-none-eabi-4_9-2015q3/bin/../lib/gcc/arm-none-eabi/4.9.3/../../../../arm-none-eabi/lib/armv7e-m/softfp/libc.a(lib_a-__call_atexit.o)
                              /opt/gcc-arm-none-eabi-4_9-2015q3/bin/../lib/gcc/arm-none-eabi/4.9.3/../../../../arm-none-eabi/lib/armv7e-m/softfp/libc.a(lib_a-exit.o) (__call_exitprocs)
/opt/gcc-arm-none-eabi-4_9-2015q3/bin/../lib/gcc/arm-none-eabi/4.9.3/../../../../arm-none-eabi/lib/armv7e-m/softfp/libc.a(lib_a-atexit.o)
                              /opt/gcc-arm-none-eabi-4_9-2015q3/bin/../lib/gcc/arm-none-eabi/4.9.3/../../../../arm-none-eabi/lib/armv7e-m/softfp/libc.a(lib_a-__call_atexit.o) (atexit)
/opt/gcc-arm-none-eabi-4_9-2015q3/bin/../lib/gcc/arm-none-eabi/4.9.3/../../../../arm-none-eabi/lib/armv7e-m/softfp/libc.a(lib_a-ctype_.o)
                              /opt/gcc-arm-none-eabi-4_9-2015q3/bin/../lib/gcc/arm-none-eabi/4.9.3/../../../../arm-none-eabi/lib/armv7e-m/softfp/libc.a(lib_a-strcasecmp.o) (__ctype_ptr__)
/opt/gcc-arm-none-eabi-4_9-2015q3/bin/../lib/gcc/arm-none-eabi/4.9.3/../../../../arm-none-eabi/lib/armv7e-m/softfp/libc.a(lib_a-fini.o)
                              /opt/gcc-arm-none-eabi-4_9-2015q3/bin/../lib/gcc/arm-none-eabi/4.9.3/../../../../arm-none-eabi/lib/armv7e-m/softfp/libc.a(lib_a-__call_atexit.o) (__libc_fini_array)
/opt/gcc-arm-none-eabi-4_9-2015q3/bin/../lib/gcc/arm-none-eabi/4.9.3/../../../../arm-none-eabi/lib/armv7e-m/softfp/libc.a(lib_a-freer.o)
[...]
Memory Configuration

Name             Origin             Length             Attributes
FLASH            0x08000000         0x00100000         xr
RAM              0x20000000         0x00020000         xrw
CCMRAM           0x10000000         0x00010000         rw
*default*        0x00000000         0xffffffff

Linker script and memory map

LOAD /opt/gcc-arm-none-eabi-4_9-2015q3/bin/../lib/gcc/arm-none-eabi/4.9.3/armv7e-m/softfp/crti.o
LOAD /opt/gcc-arm-none-eabi-4_9-2015q3/bin/../lib/gcc/arm-none-eabi/4.9.3/armv7e-m/softfp/crtbegin.o
LOAD /opt/gcc-arm-none-eabi-4_9-2015q3/bin/../lib/gcc/arm-none-eabi/4.9.3/../../../../arm-none-eabi/lib/armv7e-m/softfp/crt0.o
LOAD src/startup_stm32f405xx.o
LOAD src/system_stm32f4xx.o
LOAD src/main.o
LOAD src/leds.o
LOAD src/syscalls.o
LOAD src/uart.o
LOAD util/src/log.o
LOAD src/cli/cli.o
LOAD src/cli/cmd_free.o
LOAD src/cli/cmd_info.o
LOAD src/cli/cmd_ps.o
LOAD src/cli/cmd_uname.o
LOAD Libraries/STM32F4xx_StdPeriph_Driver/src/stm32f4xx_usart.o
LOAD Libraries/STM32F4xx_StdPeriph_Driver/src/stm32f4xx_rcc.o
LOAD Libraries/STM32F4xx_StdPeriph_Driver/src/stm32f4xx_pwr.o
LOAD Libraries/STM32F4xx_StdPeriph_Driver/src/stm32f4xx_adc.o
LOAD Libraries/STM32F4xx_StdPeriph_Driver/src/stm32f4xx_dma.o
LOAD Libraries/STM32F4xx_StdPeriph_Driver/src/misc.o
LOAD Libraries/STM32F4xx_StdPeriph_Driver/src/stm32f4xx_gpio.o
LOAD src/freertos.o
LOAD FreeRTOS/Source/CMSIS_RTOS/cmsis_os.o
LOAD FreeRTOS/Source/list.o
LOAD FreeRTOS/Source/timers.o
LOAD FreeRTOS/Source/queue.o
LOAD FreeRTOS/Source/croutine.o
LOAD FreeRTOS/Source/event_groups.o
LOAD FreeRTOS/Source/tasks.o
LOAD FreeRTOS/Source/portable/GCC/ARM_CM4F/port.o
LOAD FreeRTOS/Source/portable/MemMang/heap_4.o
LOAD /opt/gcc-arm-none-eabi-4_9-2015q3/bin/../lib/gcc/arm-none-eabi/4.9.3/armv7e-m/softfp/libgcc.a
                0x2001ffff                _estack = 0x2001ffff
                0x00000000                _Min_Heap_Size = 0x0
                0x00000400                _Min_Stack_Size = 0x400

.isr_vector     0x08000000      0x188
                0x08000000                . = ALIGN (0x4)
 *(.isr_vector)
 .isr_vector    0x08000000      0x188 src/startup_stm32f405xx.o
                0x08000000                g_pfnVectors
                0x08000188                . = ALIGN (0x4)

.text           0x08000188     0x2a38
                0x08000188                . = ALIGN (0x4)
 *(.text)
 .text          0x08000188       0x5c /opt/gcc-arm-none-eabi-4_9-2015q3/bin/../lib/gcc/arm-none-eabi/4.9.3/armv7e-m/softfp/crtbegin.o
 .text          0x080001e4      0x134 /opt/gcc-arm-none-eabi-4_9-2015q3/bin/../lib/gcc/arm-none-eabi/4.9.3/../../../../arm-none-eabi/lib/armv7e-m/softfp/libc.a(lib_a-memcpy.o)
                0x080001e4                memcpy
 *(.text*)
 .text.Reset_Handler
                0x08000318       0x50 src/startup_stm32f405xx.o
                0x08000318                Reset_Handler
 .text.Default_Handler
                0x08000368        0x2 src/startup_stm32f405xx.o
                0x08000368                RTC_Alarm_IRQHandler
                0x08000368                HASH_RNG_IRQHandler
                0x08000368                EXTI2_IRQHandler
                0x08000368                TIM8_CC_IRQHandler
                0x08000368                DebugMon_Handler
                0x08000368                TIM1_CC_IRQHandler
                0x08000368                DMA2_Stream5_IRQHandler
                0x08000368                HardFault_Handler
                0x08000368                DMA1_Stream5_IRQHandler
                0x08000368                PVD_IRQHandler
                0x08000368                SDIO_IRQHandler
                0x08000368                TAMP_STAMP_IRQHandler
                0x08000368                NMI_Handler
                0x08000368                CAN2_RX1_IRQHandler
                0x08000368                EXTI3_IRQHandler
                0x08000368                TIM8_TRG_COM_TIM14_IRQHandler
                0x08000368                TIM1_UP_TIM10_IRQHandler
                0x08000368                TIM8_UP_TIM13_IRQHandler
                0x08000368                I2C3_ER_IRQHandler
                0x08000368                EXTI0_IRQHandler
                0x08000368                I2C2_EV_IRQHandler
                0x08000368                DMA1_Stream2_IRQHandler
                0x08000368                CAN1_RX0_IRQHandler
                0x08000368                FPU_IRQHandler
                0x08000368                OTG_HS_WKUP_IRQHandler
                0x08000368                UsageFault_Handler
                0x08000368                CAN2_SCE_IRQHandler
                0x08000368                DMA2_Stream2_IRQHandler
                0x08000368                SPI1_IRQHandler
                0x08000368                TIM6_DAC_IRQHandler
                0x08000368                TIM1_BRK_TIM9_IRQHandler
                0x08000368                CAN2_RX0_IRQHandler
                0x08000368                DMA2_Stream3_IRQHandler
                0x08000368                USART6_IRQHandler
                0x08000368                CAN1_RX1_IRQHandler
                0x08000368                UART5_IRQHandler
                0x08000368                DMA2_Stream0_IRQHandler
                0x08000368                TIM4_IRQHandler
                0x08000368                I2C1_EV_IRQHandler
                0x08000368                DMA1_Stream6_IRQHandler
                0x08000368                DMA1_Stream1_IRQHandler
                0x08000368                UART4_IRQHandler
                0x08000368                TIM3_IRQHandler
                0x08000368                RCC_IRQHandler
                0x08000368                TIM8_BRK_TIM12_IRQHandler
                0x08000368                Default_Handler
                0x08000368                EXTI15_10_IRQHandler
                0x08000368                ADC_IRQHandler
                0x08000368                DMA1_Stream7_IRQHandler
                0x08000368                TIM7_IRQHandler
                0x08000368                CAN2_TX_IRQHandler
                0x08000368                TIM5_IRQHandler
                0x08000368                DMA2_Stream7_IRQHandler
                0x08000368                I2C3_EV_IRQHandler
                0x08000368                EXTI9_5_IRQHandler
                0x08000368                RTC_WKUP_IRQHandler
                0x08000368                SPI2_IRQHandler
                0x08000368                OTG_HS_EP1_IN_IRQHandler
                0x08000368                MemManage_Handler
                0x08000368                DMA1_Stream0_IRQHandler
                0x08000368                CAN1_TX_IRQHandler
                0x08000368                EXTI4_IRQHandler
                0x08000368                FSMC_IRQHandler
                0x08000368                OTG_HS_EP1_OUT_IRQHandler
                0x08000368                WWDG_IRQHandler
                0x08000368                TIM2_IRQHandler
                0x08000368                OTG_FS_WKUP_IRQHandler
                0x08000368                TIM1_TRG_COM_TIM11_IRQHandler
                0x08000368                OTG_HS_IRQHandler
                0x08000368                EXTI1_IRQHandler
                0x08000368                USART2_IRQHandler
                0x08000368                I2C2_ER_IRQHandler
                0x08000368                DMA2_Stream1_IRQHandler
                0x08000368                CAN1_SCE_IRQHandler
                0x08000368                FLASH_IRQHandler
                0x08000368                DMA2_Stream4_IRQHandler
                0x08000368                BusFault_Handler
                0x08000368                USART1_IRQHandler
                0x08000368                OTG_FS_IRQHandler
                0x08000368                SPI3_IRQHandler
                0x08000368                DMA1_Stream4_IRQHandler
                0x08000368                I2C1_ER_IRQHandler
                0x08000368                DMA2_Stream6_IRQHandler
                0x08000368                DMA1_Stream3_IRQHandler
 *fill*         0x0800036a        0x2 
 .text.SystemInit
                0x0800036c       0x6c src/system_stm32f4xx.o
                0x0800036c                SystemInit
 .text.StartDefaultTask
                0x080003d8       0x18 src/main.o
                0x080003d8                StartDefaultTask
 .text.main     0x080003f0       0x34 src/main.o
                0x080003f0                main
 .text.leds_init
                0x08000424       0x3c src/leds.o
                0x08000424                leds_init
 .text.led_toggle
                0x08000460       0x48 src/leds.o
                0x08000460                led_toggle
 .text._sbrk    0x080004a8       0x64 src/syscalls.o
                0x080004a8                _sbrk
 .text.USART3_IRQHandler
                0x0800050c       0x6c src/uart.o
                0x0800050c                USART3_IRQHandler
 .text.upper_UART_ISR
                0x08000578       0x30 src/cli/cli.o
                0x08000578                upper_UART_ISR
 .text.USART_ReceiveData
                0x080005a8       0x20 Libraries/STM32F4xx_StdPeriph_Driver/src/stm32f4xx_usart.o
                0x080005a8                USART_ReceiveData
 .text.USART_ClearFlag
                0x080005c8       0x20 Libraries/STM32F4xx_StdPeriph_Driver/src/stm32f4xx_usart.o
                0x080005c8                USART_ClearFlag
 .text.RCC_AHB1PeriphClockCmd
                0x080005e8       0x3c Libraries/STM32F4xx_StdPeriph_Driver/src/stm32f4xx_rcc.o
                0x080005e8                RCC_AHB1PeriphClockCmd
 .text.GPIO_Init
                0x08000624      0x11c Libraries/STM32F4xx_StdPeriph_Driver/src/stm32f4xx_gpio.o
                0x08000624                GPIO_Init
 .text.GPIO_SetBits
                0x08000740       0x1c Libraries/STM32F4xx_StdPeriph_Driver/src/stm32f4xx_gpio.o
                0x08000740                GPIO_SetBits
 .text.GPIO_ResetBits
                0x0800075c       0x1c Libraries/STM32F4xx_StdPeriph_Driver/src/stm32f4xx_gpio.o
                0x0800075c                GPIO_ResetBits
 .text.configureTimerForRunTimeStats
                0x08000778        0xc src/freertos.o
                0x08000778                configureTimerForRunTimeStats
 .text.getRunTimeCounterValue
                0x08000784       0x10 src/freertos.o
                0x08000784                getRunTimeCounterValue
 .text.vApplicationIdleHook
                0x08000794        0xc src/freertos.o
                0x08000794                vApplicationIdleHook
 .text.PreSleepProcessing
                0x080007a0       0x14 src/freertos.o
                0x080007a0                PreSleepProcessing
 .text.PostSleepProcessing
                0x080007b4       0x14 src/freertos.o
                0x080007b4                PostSleepProcessing
 .text.makeFreeRtosPriority
                0x080007c8       0x30 FreeRTOS/Source/CMSIS_RTOS/cmsis_os.o
 .text.osKernelStart
                0x080007f8       0x10 FreeRTOS/Source/CMSIS_RTOS/cmsis_os.o
                0x080007f8                osKernelStart
 .text.osThreadCreate
                0x08000808       0x58 FreeRTOS/Source/CMSIS_RTOS/cmsis_os.o
                0x08000808                osThreadCreate
 .text.osDelay  0x08000860       0x34 FreeRTOS/Source/CMSIS_RTOS/cmsis_os.o
                0x08000860                osDelay
 .text.vListInitialise
                0x08000894       0x40 FreeRTOS/Source/list.o
                0x08000894                vListInitialise
 .text.vListInitialiseItem
                0x080008d4       0x18 FreeRTOS/Source/list.o
                0x080008d4                vListInitialiseItem
 .text.vListInsertEnd
                0x080008ec       0x48 FreeRTOS/Source/list.o
                0x080008ec                vListInsertEnd
 .text.vListInsert
                0x08000934       0x70 FreeRTOS/Source/list.o
                0x08000934                vListInsert
 .text.uxListRemove
                0x080009a4       0x54 FreeRTOS/Source/list.o
                0x080009a4                uxListRemove
 .text.xQueueGenericSendFromISR
                0x080009f8      0x118 FreeRTOS/Source/queue.o
                0x080009f8                xQueueGenericSendFromISR
 .text.prvCopyDataToQueue
                0x08000b10       0xdc FreeRTOS/Source/queue.o
 .text.xTaskGenericCreate
                0x08000bec      0x1a4 FreeRTOS/Source/tasks.o
                0x08000bec                xTaskGenericCreate
 .text.vTaskDelay
                0x08000d90       0xa4 FreeRTOS/Source/tasks.o
                0x08000d90                vTaskDelay
 .text.vTaskStartScheduler
                0x08000e34       0x84 FreeRTOS/Source/tasks.o
                0x08000e34                vTaskStartScheduler
 .text.vTaskSuspendAll
                0x08000eb8       0x1c FreeRTOS/Source/tasks.o
                0x08000eb8                vTaskSuspendAll
 .text.prvGetExpectedIdleTime
                0x08000ed4       0x50 FreeRTOS/Source/tasks.o
 .text.xTaskResumeAll
                0x08000f24      0x12c FreeRTOS/Source/tasks.o
                0x08000f24                xTaskResumeAll
 .text.vTaskStepTick
                0x08001050       0x4c FreeRTOS/Source/tasks.o
                0x08001050                vTaskStepTick
 .text.xTaskIncrementTick
                0x0800109c      0x180 FreeRTOS/Source/tasks.o
                0x0800109c                xTaskIncrementTick
 .text.vTaskSwitchContext
                0x0800121c       0xe8 FreeRTOS/Source/tasks.o
                0x0800121c                vTaskSwitchContext
 .text.xTaskRemoveFromEventList
                0x08001304       0xcc FreeRTOS/Source/tasks.o
                0x08001304                xTaskRemoveFromEventList
 .text.prvIdleTask
                0x080013d0       0x80 FreeRTOS/Source/tasks.o
 .text.eTaskConfirmSleepModeStatus
                0x08001450       0x5c FreeRTOS/Source/tasks.o
                0x08001450                eTaskConfirmSleepModeStatus
 .text.prvInitialiseTCBVariables
                0x080014ac       0xac FreeRTOS/Source/tasks.o
 .text.prvInitialiseTaskLists
                0x08001558       0x7c FreeRTOS/Source/tasks.o
 .text.prvCheckTasksWaitingTermination
                0x080015d4       0x74 FreeRTOS/Source/tasks.o
 .text.prvAddCurrentTaskToDelayedList
                0x08001648       0x6c FreeRTOS/Source/tasks.o
 .text.prvAllocateTCBAndStack
                0x080016b4       0x70 FreeRTOS/Source/tasks.o
 .text.prvDeleteTCB
                0x08001724       0x20 FreeRTOS/Source/tasks.o
 .text.prvResetNextTaskUnblockTime
                0x08001744       0x48 FreeRTOS/Source/tasks.o
 .text.xTaskPriorityDisinherit
                0x0800178c      0x10c FreeRTOS/Source/tasks.o
                0x0800178c                xTaskPriorityDisinherit
 .text.pxPortInitialiseStack
                0x08001898       0x64 FreeRTOS/Source/portable/GCC/ARM_CM4F/port.o
                0x08001898                pxPortInitialiseStack
 .text.prvTaskExitError
                0x080018fc       0x3c FreeRTOS/Source/portable/GCC/ARM_CM4F/port.o
 .text.SVC_Handler
                0x08001938       0x20 FreeRTOS/Source/portable/GCC/ARM_CM4F/port.o
                0x08001938                SVC_Handler
 .text.prvPortStartFirstTask
                0x08001958       0x20 FreeRTOS/Source/portable/GCC/ARM_CM4F/port.o
 .text.xPortStartScheduler
                0x08001978      0x118 FreeRTOS/Source/portable/GCC/ARM_CM4F/port.o
                0x08001978                xPortStartScheduler
 .text.vPortEnterCritical
                0x08001a90       0x5c FreeRTOS/Source/portable/GCC/ARM_CM4F/port.o
                0x08001a90                vPortEnterCritical
 .text.vPortExitCritical
                0x08001aec       0x4c FreeRTOS/Source/portable/GCC/ARM_CM4F/port.o
                0x08001aec                vPortExitCritical
 .text.PendSV_Handler
                0x08001b38       0x60 FreeRTOS/Source/portable/GCC/ARM_CM4F/port.o
                0x08001b38                PendSV_Handler
 .text.SysTick_Handler
                0x08001b98       0x44 FreeRTOS/Source/portable/GCC/ARM_CM4F/port.o
                0x08001b98                SysTick_Handler
 .text.vPortSuppressTicksAndSleep
                0x08001bdc      0x18c FreeRTOS/Source/portable/GCC/ARM_CM4F/port.o
                0x08001bdc                vPortSuppressTicksAndSleep
 .text.vPortSetupTimerInterrupt
                0x08001d68       0x78 FreeRTOS/Source/portable/GCC/ARM_CM4F/port.o
                0x08001d68                vPortSetupTimerInterrupt
 .text.vPortEnableVFP
                0x08001de0       0x14 FreeRTOS/Source/portable/GCC/ARM_CM4F/port.o
 .text.vPortValidateInterruptPriority
                0x08001df4       0x78 FreeRTOS/Source/portable/GCC/ARM_CM4F/port.o
                0x08001df4                vPortValidateInterruptPriority
 .text.pvPortMalloc
                0x08001e6c      0x184 FreeRTOS/Source/portable/MemMang/heap_4.o
                0x08001e6c                pvPortMalloc
 .text.vPortFree
                0x08001ff0       0xb0 FreeRTOS/Source/portable/MemMang/heap_4.o
                0x08001ff0                vPortFree
 .text.prvHeapInit
                0x080020a0       0xc4 FreeRTOS/Source/portable/MemMang/heap_4.o
 .text.prvInsertBlockIntoFreeList
                0x08002164       0xb0 FreeRTOS/Source/portable/MemMang/heap_4.o
 .text.__errno  0x08002214        0xc /opt/gcc-arm-none-eabi-4_9-2015q3/bin/../lib/gcc/arm-none-eabi/4.9.3/../../../../arm-none-eabi/lib/armv7e-m/softfp/libc.a(lib_a-errno.o)
                0x08002214                __errno
 .text.__libc_init_array
                0x08002220       0x50 /opt/gcc-arm-none-eabi-4_9-2015q3/bin/../lib/gcc/arm-none-eabi/4.9.3/../../../../arm-none-eabi/lib/armv7e-m/softfp/libc.a(lib_a-init.o)
                0x08002220                __libc_init_array
 .text.malloc   0x08002270       0x10 /opt/gcc-arm-none-eabi-4_9-2015q3/bin/../lib/gcc/arm-none-eabi/4.9.3/../../../../arm-none-eabi/lib/armv7e-m/softfp/libc.a(lib_a-malloc.o)
                0x08002270                malloc
 .text._malloc_r
                0x08002280      0x524 /opt/gcc-arm-none-eabi-4_9-2015q3/bin/../lib/gcc/arm-none-eabi/4.9.3/../../../../arm-none-eabi/lib/armv7e-m/softfp/libc.a(lib_a-mallocr.o)
                0x08002280                _malloc_r
 .text.memset   0x080027a4       0x9c /opt/gcc-arm-none-eabi-4_9-2015q3/bin/../lib/gcc/arm-none-eabi/4.9.3/../../../../arm-none-eabi/lib/armv7e-m/softfp/libc.a(lib_a-memset.o)
                0x080027a4                memset
 .text.__malloc_lock
                0x08002840        0x4 /opt/gcc-arm-none-eabi-4_9-2015q3/bin/../lib/gcc/arm-none-eabi/4.9.3/../../../../arm-none-eabi/lib/armv7e-m/softfp/libc.a(lib_a-mlock.o)
                0x08002840                __malloc_lock
 .text.__malloc_unlock
                0x08002844        0x4 /opt/gcc-arm-none-eabi-4_9-2015q3/bin/../lib/gcc/arm-none-eabi/4.9.3/../../../../arm-none-eabi/lib/armv7e-m/softfp/libc.a(lib_a-mlock.o)
                0x08002844                __malloc_unlock
 .text._sbrk_r  0x08002848       0x24 /opt/gcc-arm-none-eabi-4_9-2015q3/bin/../lib/gcc/arm-none-eabi/4.9.3/../../../../arm-none-eabi/lib/armv7e-m/softfp/libc.a(lib_a-sbrkr.o)
                0x08002848                _sbrk_r
 .text.startup.register_fini
                0x0800286c       0x14 /opt/gcc-arm-none-eabi-4_9-2015q3/bin/../lib/gcc/arm-none-eabi/4.9.3/../../../../arm-none-eabi/lib/armv7e-m/softfp/libc.a(lib_a-__call_atexit.o)
 .text.atexit   0x08002880        0xc /opt/gcc-arm-none-eabi-4_9-2015q3/bin/../lib/gcc/arm-none-eabi/4.9.3/../../../../arm-none-eabi/lib/armv7e-m/softfp/libc.a(lib_a-atexit.o)
                0x08002880                atexit
 .text.__libc_fini_array
                0x0800288c       0x2c /opt/gcc-arm-none-eabi-4_9-2015q3/bin/../lib/gcc/arm-none-eabi/4.9.3/../../../../arm-none-eabi/lib/armv7e-m/softfp/libc.a(lib_a-fini.o)
                0x0800288c                __libc_fini_array
 .text._malloc_trim_r
                0x080028b8       0x9c /opt/gcc-arm-none-eabi-4_9-2015q3/bin/../lib/gcc/arm-none-eabi/4.9.3/../../../../arm-none-eabi/lib/armv7e-m/softfp/libc.a(lib_a-freer.o)
                0x080028b8                _malloc_trim_r
 .text._free_r  0x08002954      0x1b0 /opt/gcc-arm-none-eabi-4_9-2015q3/bin/../lib/gcc/arm-none-eabi/4.9.3/../../../../arm-none-eabi/lib/armv7e-m/softfp/libc.a(lib_a-freer.o)
                0x08002954                _free_r
 .text.__register_exitproc
                0x08002b04       0xa4 /opt/gcc-arm-none-eabi-4_9-2015q3/bin/../lib/gcc/arm-none-eabi/4.9.3/../../../../arm-none-eabi/lib/armv7e-m/softfp/libc.a(lib_a-__atexit.o)
                0x08002b04                __register_exitproc
 *(.glue_7)
 .glue_7        0x00000000        0x0 linker stubs
 *(.glue_7t)
 .glue_7t       0x00000000        0x0 linker stubs
 *(.eh_frame)
 .eh_frame      0x08002ba8        0x0 /opt/gcc-arm-none-eabi-4_9-2015q3/bin/../lib/gcc/arm-none-eabi/4.9.3/armv7e-m/softfp/crtbegin.o
 *(.init)
 .init          0x08002ba8        0x4 /opt/gcc-arm-none-eabi-4_9-2015q3/bin/../lib/gcc/arm-none-eabi/4.9.3/armv7e-m/softfp/crti.o
                0x08002ba8                _init
 .init          0x08002bac        0x8 /opt/gcc-arm-none-eabi-4_9-2015q3/bin/../lib/gcc/arm-none-eabi/4.9.3/armv7e-m/softfp/crtn.o
 *(.fini)
 .fini          0x08002bb4        0x4 /opt/gcc-arm-none-eabi-4_9-2015q3/bin/../lib/gcc/arm-none-eabi/4.9.3/armv7e-m/softfp/crti.o
                0x08002bb4                _fini
 .fini          0x08002bb8        0x8 /opt/gcc-arm-none-eabi-4_9-2015q3/bin/../lib/gcc/arm-none-eabi/4.9.3/armv7e-m/softfp/crtn.o
                0x08002bc0                . = ALIGN (0x4)
                0x08002bc0                _etext = .

.vfp11_veneer   0x08002bc0        0x0
 .vfp11_veneer  0x00000000        0x0 linker stubs

.v4_bx          0x08002bc0        0x0
 .v4_bx         0x00000000        0x0 linker stubs

.iplt           0x08002bc0        0x0
 .iplt          0x00000000        0x0 /opt/gcc-arm-none-eabi-4_9-2015q3/bin/../lib/gcc/arm-none-eabi/4.9.3/armv7e-m/softfp/crtbegin.o

.rodata         0x08002bc0       0x30
                0x08002bc0                . = ALIGN (0x4)
 *(.rodata)
 .rodata        0x08002bc0       0x20 src/main.o
 .rodata        0x08002be0        0x5 FreeRTOS/Source/tasks.o
 *(.rodata*)
 *fill*         0x08002be5        0x3 
 .rodata.str1.4
                0x08002be8        0x4 /opt/gcc-arm-none-eabi-4_9-2015q3/bin/../lib/gcc/arm-none-eabi/4.9.3/../../../../arm-none-eabi/lib/armv7e-m/softfp/libc.a(lib_a-impure.o)
                                  0x2 (size before relaxing)
 .rodata._global_impure_ptr
                0x08002bec        0x4 /opt/gcc-arm-none-eabi-4_9-2015q3/bin/../lib/gcc/arm-none-eabi/4.9.3/../../../../arm-none-eabi/lib/armv7e-m/softfp/libc.a(lib_a-impure.o)
                0x08002bec                _global_impure_ptr
                0x08002bf0                . = ALIGN (0x4)

.rel.dyn        0x08002bf0        0x0
 .rel.iplt      0x00000000        0x0 /opt/gcc-arm-none-eabi-4_9-2015q3/bin/../lib/gcc/arm-none-eabi/4.9.3/armv7e-m/softfp/crtbegin.o

.ARM.extab
 *(.ARM.extab* .gnu.linkonce.armextab.*)

.ARM            0x08002bf0        0x0
                0x08002bf0                __exidx_start = .
 *(.ARM.exidx*)
                0x08002bf0                __exidx_end = .

.preinit_array  0x08002bf0        0x0
                0x08002bf0                PROVIDE (__preinit_array_start, .)
 *(.preinit_array*)
                0x08002bf0                PROVIDE (__preinit_array_end, .)

.init_array     0x08002bf0        0x8
                0x08002bf0                PROVIDE (__init_array_start, .)
 *(SORT(.init_array.*))
 .init_array.00000
                0x08002bf0        0x4 /opt/gcc-arm-none-eabi-4_9-2015q3/bin/../lib/gcc/arm-none-eabi/4.9.3/../../../../arm-none-eabi/lib/armv7e-m/softfp/libc.a(lib_a-__call_atexit.o)
 *(.init_array*)
 .init_array    0x08002bf4        0x4 /opt/gcc-arm-none-eabi-4_9-2015q3/bin/../lib/gcc/arm-none-eabi/4.9.3/armv7e-m/softfp/crtbegin.o
                0x08002bf8                PROVIDE (__init_array_end, .)

.fini_array     0x08002bf8        0x4
                0x08002bf8                PROVIDE (__fini_array_start, .)
 *(SORT(.fini_array.*))
 *(.fini_array*)
 .fini_array    0x08002bf8        0x4 /opt/gcc-arm-none-eabi-4_9-2015q3/bin/../lib/gcc/arm-none-eabi/4.9.3/armv7e-m/softfp/crtbegin.o
                0x08002bfc                PROVIDE (__fini_array_end, .)
                0x08002bfc                _sidata = LOADADDR (.data)

.data           0x20000000      0x84c load address 0x08002bfc
                0x20000000                . = ALIGN (0x4)
                0x20000000                _sdata = .
 *(.data)
 *(.data*)
 .data.SystemCoreClock
                0x20000000        0x4 src/system_stm32f4xx.o
                0x20000000                SystemCoreClock
 .data.xNextTaskUnblockTime
                0x20000004        0x4 FreeRTOS/Source/tasks.o
 .data.uxCriticalNesting
                0x20000008        0x4 FreeRTOS/Source/portable/GCC/ARM_CM4F/port.o
 *fill*         0x2000000c        0x4 
 .data.impure_data
                0x20000010      0x428 /opt/gcc-arm-none-eabi-4_9-2015q3/bin/../lib/gcc/arm-none-eabi/4.9.3/../../../../arm-none-eabi/lib/armv7e-m/softfp/libc.a(lib_a-impure.o)
 .data._impure_ptr
                0x20000438        0x4 /opt/gcc-arm-none-eabi-4_9-2015q3/bin/../lib/gcc/arm-none-eabi/4.9.3/../../../../arm-none-eabi/lib/armv7e-m/softfp/libc.a(lib_a-impure.o)
                0x20000438                _impure_ptr
 .data.__malloc_av_
                0x2000043c      0x408 /opt/gcc-arm-none-eabi-4_9-2015q3/bin/../lib/gcc/arm-none-eabi/4.9.3/../../../../arm-none-eabi/lib/armv7e-m/softfp/libc.a(lib_a-mallocr.o)
                0x2000043c                __malloc_av_
 .data.__malloc_trim_threshold
                0x20000844        0x4 /opt/gcc-arm-none-eabi-4_9-2015q3/bin/../lib/gcc/arm-none-eabi/4.9.3/../../../../arm-none-eabi/lib/armv7e-m/softfp/libc.a(lib_a-mallocr.o)
                0x20000844                __malloc_trim_threshold
 .data.__malloc_sbrk_base
                0x20000848        0x4 /opt/gcc-arm-none-eabi-4_9-2015q3/bin/../lib/gcc/arm-none-eabi/4.9.3/../../../../arm-none-eabi/lib/armv7e-m/softfp/libc.a(lib_a-mallocr.o)
                0x20000848                __malloc_sbrk_base
                0x2000084c                . = ALIGN (0x4)
                0x2000084c                _edata = .
                0x08003448                _siccmram = LOADADDR (.ccmram)

.jcr            0x2000084c        0x0 load address 0x08003448
 .jcr           0x2000084c        0x0 /opt/gcc-arm-none-eabi-4_9-2015q3/bin/../lib/gcc/arm-none-eabi/4.9.3/armv7e-m/softfp/crtbegin.o

.igot.plt       0x2000084c        0x0 load address 0x08003448
 .igot.plt      0x00000000        0x0 /opt/gcc-arm-none-eabi-4_9-2015q3/bin/../lib/gcc/arm-none-eabi/4.9.3/armv7e-m/softfp/crtbegin.o

.ccmram         0x10000000        0x0 load address 0x08003448
                0x10000000                . = ALIGN (0x4)
                0x10000000                _sccmram = .
 *(.ccmram)
 *(.ccmram*)
                0x10000000                . = ALIGN (0x4)
                0x10000000                _eccmram = .
                0x10000000                . = ALIGN (0x4)

.bss            0x2000084c     0x81c4
                0x2000084c                _sbss = .
                0x2000084c                __bss_start__ = _sbss
 *(.bss)
 .bss           0x2000084c       0x1c /opt/gcc-arm-none-eabi-4_9-2015q3/bin/../lib/gcc/arm-none-eabi/4.9.3/armv7e-m/softfp/crtbegin.o
 *(.bss*)
 .bss.bLit      0x20000868        0x4 src/leds.o
 .bss.heap_end.8247
                0x2000086c        0x4 src/syscalls.o
 .bss.stopModeEntrys
                0x20000870        0x4 src/uart.o
                0x20000870                stopModeEntrys
 .bss.uartRxQueue
                0x20000874        0x4 src/cli/cli.o
 .bss.rxbuf     0x20000878        0x1 src/cli/cli.o
 *fill*         0x20000879        0x3 
 .bss.pxCurrentTCB
                0x2000087c        0x4 FreeRTOS/Source/tasks.o
                0x2000087c                pxCurrentTCB
 .bss.pxReadyTasksLists
                0x20000880       0x8c FreeRTOS/Source/tasks.o
 .bss.xDelayedTaskList1
                0x2000090c       0x14 FreeRTOS/Source/tasks.o
 .bss.xDelayedTaskList2
                0x20000920       0x14 FreeRTOS/Source/tasks.o
 .bss.pxDelayedTaskList
                0x20000934        0x4 FreeRTOS/Source/tasks.o
 .bss.pxOverflowDelayedTaskList
                0x20000938        0x4 FreeRTOS/Source/tasks.o
 .bss.xPendingReadyList
                0x2000093c       0x14 FreeRTOS/Source/tasks.o
 .bss.xTasksWaitingTermination
                0x20000950       0x14 FreeRTOS/Source/tasks.o
 .bss.uxTasksDeleted
                0x20000964        0x4 FreeRTOS/Source/tasks.o
 .bss.xSuspendedTaskList
                0x20000968       0x14 FreeRTOS/Source/tasks.o
 .bss.uxCurrentNumberOfTasks
                0x2000097c        0x4 FreeRTOS/Source/tasks.o
 .bss.xTickCount
                0x20000980        0x4 FreeRTOS/Source/tasks.o
 .bss.uxTopReadyPriority
                0x20000984        0x4 FreeRTOS/Source/tasks.o
 .bss.xSchedulerRunning
                0x20000988        0x4 FreeRTOS/Source/tasks.o
 .bss.uxPendedTicks
                0x2000098c        0x4 FreeRTOS/Source/tasks.o
 .bss.xYieldPending
                0x20000990        0x4 FreeRTOS/Source/tasks.o
 .bss.xNumOfOverflows
                0x20000994        0x4 FreeRTOS/Source/tasks.o
 .bss.uxTaskNumber
                0x20000998        0x4 FreeRTOS/Source/tasks.o
 .bss.uxSchedulerSuspended
                0x2000099c        0x4 FreeRTOS/Source/tasks.o
 .bss.ulTaskSwitchedInTime
                0x200009a0        0x4 FreeRTOS/Source/tasks.o
 .bss.ulTotalRunTime
                0x200009a4        0x4 FreeRTOS/Source/tasks.o
 .bss.ulTimerCountsForOneTick
                0x200009a8        0x4 FreeRTOS/Source/portable/GCC/ARM_CM4F/port.o
 .bss.xMaximumPossibleSuppressedTicks
                0x200009ac        0x4 FreeRTOS/Source/portable/GCC/ARM_CM4F/port.o
 .bss.ulStoppedTimerCompensation
                0x200009b0        0x4 FreeRTOS/Source/portable/GCC/ARM_CM4F/port.o
 .bss.ucMaxSysCallPriority
                0x200009b4        0x1 FreeRTOS/Source/portable/GCC/ARM_CM4F/port.o
 *fill*         0x200009b5        0x3 
 .bss.ulMaxPRIGROUPValue
                0x200009b8        0x4 FreeRTOS/Source/portable/GCC/ARM_CM4F/port.o
 .bss.ucHeap    0x200009bc     0x8000 FreeRTOS/Source/portable/MemMang/heap_4.o
 .bss.xStart    0x200089bc        0x8 FreeRTOS/Source/portable/MemMang/heap_4.o
 .bss.pxEnd     0x200089c4        0x4 FreeRTOS/Source/portable/MemMang/heap_4.o
 .bss.xFreeBytesRemaining
                0x200089c8        0x4 FreeRTOS/Source/portable/MemMang/heap_4.o
 .bss.xMinimumEverFreeBytesRemaining
                0x200089cc        0x4 FreeRTOS/Source/portable/MemMang/heap_4.o
 .bss.xBlockAllocatedBit
                0x200089d0        0x4 FreeRTOS/Source/portable/MemMang/heap_4.o
 .bss.__malloc_max_total_mem
                0x200089d4        0x4 /opt/gcc-arm-none-eabi-4_9-2015q3/bin/../lib/gcc/arm-none-eabi/4.9.3/../../../../arm-none-eabi/lib/armv7e-m/softfp/libc.a(lib_a-mallocr.o)
                0x200089d4                __malloc_max_total_mem
 .bss.__malloc_max_sbrked_mem
                0x200089d8        0x4 /opt/gcc-arm-none-eabi-4_9-2015q3/bin/../lib/gcc/arm-none-eabi/4.9.3/../../../../arm-none-eabi/lib/armv7e-m/softfp/libc.a(lib_a-mallocr.o)
                0x200089d8                __malloc_max_sbrked_mem
 .bss.__malloc_top_pad
                0x200089dc        0x4 /opt/gcc-arm-none-eabi-4_9-2015q3/bin/../lib/gcc/arm-none-eabi/4.9.3/../../../../arm-none-eabi/lib/armv7e-m/softfp/libc.a(lib_a-mallocr.o)
                0x200089dc                __malloc_top_pad
 .bss.__malloc_current_mallinfo
                0x200089e0       0x28 /opt/gcc-arm-none-eabi-4_9-2015q3/bin/../lib/gcc/arm-none-eabi/4.9.3/../../../../arm-none-eabi/lib/armv7e-m/softfp/libc.a(lib_a-mallocr.o)
                0x200089e0                __malloc_current_mallinfo
 *(COMMON)
 COMMON         0x20008a08        0x4 src/main.o
                0x20008a08                defaultTaskHandle
 COMMON         0x20008a0c        0x4 /opt/gcc-arm-none-eabi-4_9-2015q3/bin/../lib/gcc/arm-none-eabi/4.9.3/../../../../arm-none-eabi/lib/armv7e-m/softfp/libc.a(lib_a-reent.o)
                0x20008a0c                errno
                0x20008a10                . = ALIGN (0x4)
                0x20008a10                _ebss = .
                0x20008a10                __bss_end__ = _ebss

._user_heap_stack
                0x20008a10      0x400
                0x20008a10                . = ALIGN (0x4)
                0x20008a10                PROVIDE (end, .)
                0x20008a10                PROVIDE (_end, .)
                0x20008a10                . = (. + _Min_Heap_Size)
                0x20008e10                . = (. + _Min_Stack_Size)
 *fill*         0x20008a10      0x400 
                0x20008e10                . = ALIGN (0x4)

/DISCARD/
 libc.a(*)
 libm.a(*)
 libgcc.a(*)

.ARM.attributes
                0x00000000       0x2e
 *(.ARM.attributes)
 .ARM.attributes
                0x00000000       0x22 /opt/gcc-arm-none-eabi-4_9-2015q3/bin/../lib/gcc/arm-none-eabi/4.9.3/armv7e-m/softfp/crti.o
 .ARM.attributes
                0x00000022       0x32 /opt/gcc-arm-none-eabi-4_9-2015q3/bin/../lib/gcc/arm-none-eabi/4.9.3/armv7e-m/softfp/crtbegin.o
 .ARM.attributes
                0x00000054       0x21 src/startup_stm32f405xx.o
 .ARM.attributes
                0x00000075       0x37 src/system_stm32f4xx.o
 .ARM.attributes
                0x000000ac       0x37 src/main.o
 .ARM.attributes
                0x000000e3       0x37 src/leds.o
 .ARM.attributes
                0x0000011a       0x37 src/syscalls.o
 .ARM.attributes
                0x00000151       0x37 src/uart.o
 .ARM.attributes
                0x00000188       0x37 src/cli/cli.o
 .ARM.attributes
                0x000001bf       0x37 Libraries/STM32F4xx_StdPeriph_Driver/src/stm32f4xx_usart.o
 .ARM.attributes
                0x000001f6       0x37 Libraries/STM32F4xx_StdPeriph_Driver/src/stm32f4xx_rcc.o
 .ARM.attributes
                0x0000022d       0x37 Libraries/STM32F4xx_StdPeriph_Driver/src/stm32f4xx_gpio.o
 .ARM.attributes
                0x00000264       0x37 src/freertos.o
 .ARM.attributes
                0x0000029b       0x37 FreeRTOS/Source/CMSIS_RTOS/cmsis_os.o
 .ARM.attributes
                0x000002d2       0x37 FreeRTOS/Source/list.o
 .ARM.attributes
                0x00000309       0x37 FreeRTOS/Source/queue.o
 .ARM.attributes
                0x00000340       0x37 FreeRTOS/Source/tasks.o
 .ARM.attributes
                0x00000377       0x37 FreeRTOS/Source/portable/GCC/ARM_CM4F/port.o
 .ARM.attributes
                0x000003ae       0x37 FreeRTOS/Source/portable/MemMang/heap_4.o
 .ARM.attributes
                0x000003e5       0x22 /opt/gcc-arm-none-eabi-4_9-2015q3/bin/../lib/gcc/arm-none-eabi/4.9.3/armv7e-m/softfp/crtn.o
START GROUP
LOAD /opt/gcc-arm-none-eabi-4_9-2015q3/bin/../lib/gcc/arm-none-eabi/4.9.3/armv7e-m/softfp/libgcc.a
LOAD /opt/gcc-arm-none-eabi-4_9-2015q3/bin/../lib/gcc/arm-none-eabi/4.9.3/../../../../arm-none-eabi/lib/armv7e-m/softfp/libg.a
LOAD /opt/gcc-arm-none-eabi-4_9-2015q3/bin/../lib/gcc/arm-none-eabi/4.9.3/../../../../arm-none-eabi/lib/armv7e-m/softfp/libc.a
END GROUP
LOAD /opt/gcc-arm-none-eabi-4_9-2015q3/bin/../lib/gcc/arm-none-eabi/4.9.3/armv7e-m/softfp/crtend.o
LOAD /opt/gcc-arm-none-eabi-4_9-2015q3/bin/../lib/gcc/arm-none-eabi/4.9.3/armv7e-m/softfp/crtn.o
OUTPUT(iotest.elf elf32-littlearm)

.debug_line     0x00000000     0x3e6d
 .debug_line    0x00000000       0x78 src/startup_stm32f405xx.o
 .debug_line    0x00000078      0x174 src/system_stm32f4xx.o
 .debug_line    0x000001ec      0x15a src/main.o
 .debug_line    0x00000346      0x191 src/leds.o
 .debug_line    0x000004d7      0x133 src/syscalls.o
 .debug_line    0x0000060a      0x221 src/uart.o
 .debug_line    0x0000082b      0x25c src/cli/cli.o
 .debug_line    0x00000a87      0x450 Libraries/STM32F4xx_StdPeriph_Driver/src/stm32f4xx_usart.o
 .debug_line    0x00000ed7      0x606 Libraries/STM32F4xx_StdPeriph_Driver/src/stm32f4xx_rcc.o
 .debug_line    0x000014dd      0x2f1 Libraries/STM32F4xx_StdPeriph_Driver/src/stm32f4xx_gpio.o
 .debug_line    0x000017ce      0x150 src/freertos.o
 .debug_line    0x0000191e      0x76b FreeRTOS/Source/CMSIS_RTOS/cmsis_os.o
 .debug_line    0x00002089      0x1b1 FreeRTOS/Source/list.o
 .debug_line    0x0000223a      0x93e FreeRTOS/Source/queue.o
 .debug_line    0x00002b78      0xcbd FreeRTOS/Source/tasks.o
 .debug_line    0x00003835      0x377 FreeRTOS/Source/portable/GCC/ARM_CM4F/port.o
 .debug_line    0x00003bac      0x2c1 FreeRTOS/Source/portable/MemMang/heap_4.o

.debug_info     0x00000000     0x85fe
 .debug_info    0x00000000       0x58 src/startup_stm32f405xx.o
 .debug_info    0x00000058      0x4cd src/system_stm32f4xx.o
 .debug_info    0x00000525      0x204 src/main.o
 .debug_info    0x00000729      0x2cf src/leds.o
 .debug_info    0x000009f8      0x172 src/syscalls.o
 .debug_info    0x00000b6a      0xa60 src/uart.o
 .debug_info    0x000015ca      0x3da src/cli/cli.o
 .debug_info    0x000019a4      0x9c6 Libraries/STM32F4xx_StdPeriph_Driver/src/stm32f4xx_usart.o
 .debug_info    0x0000236a      0xe46 Libraries/STM32F4xx_StdPeriph_Driver/src/stm32f4xx_rcc.o
 .debug_info    0x000031b0      0x609 Libraries/STM32F4xx_StdPeriph_Driver/src/stm32f4xx_gpio.o
 .debug_info    0x000037b9      0x12a src/freertos.o
 .debug_info    0x000038e3     0x120e FreeRTOS/Source/CMSIS_RTOS/cmsis_os.o
 .debug_info    0x00004af1      0x29d FreeRTOS/Source/list.o
 .debug_info    0x00004d8e     0x1247 FreeRTOS/Source/queue.o
 .debug_info    0x00005fd5     0x1c57 FreeRTOS/Source/tasks.o
 .debug_info    0x00007c2c      0x607 FreeRTOS/Source/portable/GCC/ARM_CM4F/port.o
 .debug_info    0x00008233      0x3cb FreeRTOS/Source/portable/MemMang/heap_4.o

.debug_abbrev   0x00000000     0x18a6
 .debug_abbrev  0x00000000       0x12 src/startup_stm32f405xx.o
 .debug_abbrev  0x00000012      0x101 src/system_stm32f4xx.o
 .debug_abbrev  0x00000113      0x109 src/main.o
 .debug_abbrev  0x0000021c      0x11d src/leds.o
 .debug_abbrev  0x00000339       0xe4 src/syscalls.o
 .debug_abbrev  0x0000041d      0x1e5 src/uart.o
 .debug_abbrev  0x00000602      0x163 src/cli/cli.o
 .debug_abbrev  0x00000765      0x157 Libraries/STM32F4xx_StdPeriph_Driver/src/stm32f4xx_usart.o
 .debug_abbrev  0x000008bc      0x1bc Libraries/STM32F4xx_StdPeriph_Driver/src/stm32f4xx_rcc.o
 .debug_abbrev  0x00000a78      0x1a5 Libraries/STM32F4xx_StdPeriph_Driver/src/stm32f4xx_gpio.o
 .debug_abbrev  0x00000c1d       0xb3 src/freertos.o
 .debug_abbrev  0x00000cd0      0x2d5 FreeRTOS/Source/CMSIS_RTOS/cmsis_os.o
 .debug_abbrev  0x00000fa5       0xbe FreeRTOS/Source/list.o
 .debug_abbrev  0x00001063      0x208 FreeRTOS/Source/queue.o
 .debug_abbrev  0x0000126b      0x28f FreeRTOS/Source/tasks.o
 .debug_abbrev  0x000014fa      0x1f3 FreeRTOS/Source/portable/GCC/ARM_CM4F/port.o
 .debug_abbrev  0x000016ed      0x1b9 FreeRTOS/Source/portable/MemMang/heap_4.o

.debug_aranges  0x00000000      0xa58
 .debug_aranges
                0x00000000       0x28 src/startup_stm32f405xx.o
 .debug_aranges
                0x00000028       0x28 src/system_stm32f4xx.o
 .debug_aranges
                0x00000050       0x30 src/main.o
 .debug_aranges
                0x00000080       0x28 src/leds.o
 .debug_aranges
                0x000000a8       0x20 src/syscalls.o
 .debug_aranges
                0x000000c8       0x38 src/uart.o
 .debug_aranges
                0x00000100       0x50 src/cli/cli.o
 .debug_aranges
                0x00000150      0x100 Libraries/STM32F4xx_StdPeriph_Driver/src/stm32f4xx_usart.o
 .debug_aranges
                0x00000250      0x1c0 Libraries/STM32F4xx_StdPeriph_Driver/src/stm32f4xx_rcc.o
 .debug_aranges
                0x00000410       0x88 Libraries/STM32F4xx_StdPeriph_Driver/src/stm32f4xx_gpio.o
 .debug_aranges
                0x00000498       0x40 src/freertos.o
 .debug_aranges
                0x000004d8      0x1b0 FreeRTOS/Source/CMSIS_RTOS/cmsis_os.o
 .debug_aranges
                0x00000688       0x40 FreeRTOS/Source/list.o
 .debug_aranges
                0x000006c8       0xf8 FreeRTOS/Source/queue.o
 .debug_aranges
                0x000007c0      0x1c0 FreeRTOS/Source/tasks.o
 .debug_aranges
                0x00000980       0x88 FreeRTOS/Source/portable/GCC/ARM_CM4F/port.o
 .debug_aranges
                0x00000a08       0x50 FreeRTOS/Source/portable/MemMang/heap_4.o

.debug_ranges   0x00000000      0x950
 .debug_ranges  0x00000000       0x20 src/startup_stm32f405xx.o
 .debug_ranges  0x00000020       0x18 src/system_stm32f4xx.o
 .debug_ranges  0x00000038       0x20 src/main.o
 .debug_ranges  0x00000058       0x18 src/leds.o
 .debug_ranges  0x00000070       0x10 src/syscalls.o
 .debug_ranges  0x00000080       0x28 src/uart.o
 .debug_ranges  0x000000a8       0x40 src/cli/cli.o
 .debug_ranges  0x000000e8       0xf0 Libraries/STM32F4xx_StdPeriph_Driver/src/stm32f4xx_usart.o
 .debug_ranges  0x000001d8      0x1b0 Libraries/STM32F4xx_StdPeriph_Driver/src/stm32f4xx_rcc.o
 .debug_ranges  0x00000388       0x78 Libraries/STM32F4xx_StdPeriph_Driver/src/stm32f4xx_gpio.o
 .debug_ranges  0x00000400       0x30 src/freertos.o
 .debug_ranges  0x00000430      0x1a0 FreeRTOS/Source/CMSIS_RTOS/cmsis_os.o
 .debug_ranges  0x000005d0       0x30 FreeRTOS/Source/list.o
 .debug_ranges  0x00000600       0xe8 FreeRTOS/Source/queue.o
 .debug_ranges  0x000006e8      0x1b0 FreeRTOS/Source/tasks.o
 .debug_ranges  0x00000898       0x78 FreeRTOS/Source/portable/GCC/ARM_CM4F/port.o
 .debug_ranges  0x00000910       0x40 FreeRTOS/Source/portable/MemMang/heap_4.o

.debug_str      0x00000000     0x38ab
 .debug_str     0x00000000      0x350 src/system_stm32f4xx.o
                                0x3b0 (size before relaxing)
 .debug_str     0x00000350      0x161 src/main.o
                                0x312 (size before relaxing)
 .debug_str     0x000004b1      0x1d4 src/leds.o
                                0x395 (size before relaxing)
 .debug_str     0x00000685       0x4d src/syscalls.o
                                0x213 (size before relaxing)
 .debug_str     0x000006d2      0x6c1 src/uart.o
                                0xb03 (size before relaxing)
 .debug_str     0x00000d93      0x167 src/cli/cli.o
                                0x42c (size before relaxing)
 .debug_str     0x00000efa      0x3fc Libraries/STM32F4xx_StdPeriph_Driver/src/stm32f4xx_usart.o
                                0x6fb (size before relaxing)
 .debug_str     0x000012f6      0x64e Libraries/STM32F4xx_StdPeriph_Driver/src/stm32f4xx_rcc.o
                                0xa2e (size before relaxing)
 .debug_str     0x00001944      0x193 Libraries/STM32F4xx_StdPeriph_Driver/src/stm32f4xx_gpio.o
                                0x50c (size before relaxing)
 .debug_str     0x00001ad7       0x93 src/freertos.o
                                0x23e (size before relaxing)
 .debug_str     0x00001b6a      0x719 FreeRTOS/Source/CMSIS_RTOS/cmsis_os.o
                                0xaae (size before relaxing)
 .debug_str     0x00002283      0x134 FreeRTOS/Source/list.o
                                0x2f4 (size before relaxing)
 .debug_str     0x000023b7      0x4f3 FreeRTOS/Source/queue.o
                                0x7fd (size before relaxing)
 .debug_str     0x000028aa      0xb50 FreeRTOS/Source/tasks.o
                                0xf84 (size before relaxing)
 .debug_str     0x000033fa      0x2d4 FreeRTOS/Source/portable/GCC/ARM_CM4F/port.o
                                0x592 (size before relaxing)
 .debug_str     0x000036ce      0x1dd FreeRTOS/Source/portable/MemMang/heap_4.o
                                0x3be (size before relaxing)

.comment        0x00000000       0x70
 .comment       0x00000000       0x70 src/system_stm32f4xx.o
                                 0x71 (size before relaxing)
 .comment       0x00000000       0x71 src/main.o
 .comment       0x00000000       0x71 src/leds.o
 .comment       0x00000000       0x71 src/syscalls.o
 .comment       0x00000000       0x71 src/uart.o
 .comment       0x00000000       0x71 src/cli/cli.o
 .comment       0x00000000       0x71 Libraries/STM32F4xx_StdPeriph_Driver/src/stm32f4xx_usart.o
 .comment       0x00000000       0x71 Libraries/STM32F4xx_StdPeriph_Driver/src/stm32f4xx_rcc.o
 .comment       0x00000000       0x71 Libraries/STM32F4xx_StdPeriph_Driver/src/stm32f4xx_gpio.o
 .comment       0x00000000       0x71 src/freertos.o
 .comment       0x00000000       0x71 FreeRTOS/Source/CMSIS_RTOS/cmsis_os.o
 .comment       0x00000000       0x71 FreeRTOS/Source/list.o
 .comment       0x00000000       0x71 FreeRTOS/Source/queue.o
 .comment       0x00000000       0x71 FreeRTOS/Source/tasks.o
 .comment       0x00000000       0x71 FreeRTOS/Source/portable/GCC/ARM_CM4F/port.o
 .comment       0x00000000       0x71 FreeRTOS/Source/portable/MemMang/heap_4.o

.debug_frame    0x00000000     0x2984
 .debug_frame   0x00000000       0x58 src/system_stm32f4xx.o
 .debug_frame   0x00000058       0x78 src/main.o
 .debug_frame   0x000000d0       0x50 src/leds.o
 .debug_frame   0x00000120       0x38 src/syscalls.o
 .debug_frame   0x00000158       0xa4 src/uart.o
 .debug_frame   0x000001fc      0x108 src/cli/cli.o
 .debug_frame   0x00000304      0x490 Libraries/STM32F4xx_StdPeriph_Driver/src/stm32f4xx_usart.o
 .debug_frame   0x00000794      0x83c Libraries/STM32F4xx_StdPeriph_Driver/src/stm32f4xx_rcc.o
 .debug_frame   0x00000fd0      0x23c Libraries/STM32F4xx_StdPeriph_Driver/src/stm32f4xx_gpio.o
 .debug_frame   0x0000120c       0xc0 src/freertos.o
 .debug_frame   0x000012cc      0x744 FreeRTOS/Source/CMSIS_RTOS/cmsis_os.o
 .debug_frame   0x00001a10       0xd8 FreeRTOS/Source/list.o
 .debug_frame   0x00001ae8      0x428 FreeRTOS/Source/queue.o
 .debug_frame   0x00001f10      0x7ac FreeRTOS/Source/tasks.o
 .debug_frame   0x000026bc      0x1c0 FreeRTOS/Source/portable/GCC/ARM_CM4F/port.o
 .debug_frame   0x0000287c      0x108 FreeRTOS/Source/portable/MemMang/heap_4.o
